20:28:44 **** Incremental Build of configuration Debug for project Coop_Task_Schx ****
make -j8 all 
arm-none-eabi-gcc "../Core/Src/main.c" -mcpu=cortex-m4 -std=gnu11 -g3 -DDEBUG -DUSE_HAL_DRIVER -DSTM32F303xE -c -I../Core/Inc -I../Drivers/STM32F3xx_HAL_Driver/Inc/Legacy -I../Drivers/STM32F3xx_HAL_Driver/Inc -I../Drivers/CMSIS/Device/ST/STM32F3xx/Include -I../Drivers/CMSIS/Include -O0 -ffunction-sections -fdata-sections -Wall -fstack-usage -fcyclomatic-complexity -MMD -MP -MF"Core/Src/main.d" -MT"Core/Src/main.o" --specs=nano.specs -mfpu=fpv4-sp-d16 -mfloat-abi=hard -mthumb -o "Core/Src/main.o"
arm-none-eabi-gcc -o "Coop_Task_Schx.elf" @"objects.list"   -mcpu=cortex-m4 -T"D:\STM32CubeIDE\workspace_1.18.1\Coop_Task_Schx\STM32F303RETX_FLASH.ld" --specs=nosys.specs -Wl,-Map="Coop_Task_Schx.map" -Wl,--gc-sections -static --specs=nano.specs -mfpu=fpv4-sp-d16 -mfloat-abi=hard -mthumb -Wl,--start-group -lc -lm -Wl,--end-group
Finished building target: Coop_Task_Schx.elf
 
arm-none-eabi-size  Coop_Task_Schx.elf 
arm-none-eabi-objdump -h -S Coop_Task_Schx.elf  > "Coop_Task_Schx.list"
   text	   data	    bss	    dec	    hex	filename
  20972	     92	   2196	  23260	   5adc	Coop_Task_Schx.elf
Finished building: default.size.stdout
 
Finished building: Coop_Task_Schx.list
 

20:28:46 Build Finished. 0 errors, 0 warnings. (took 1s.687ms)

