07:30:31 **** Incremental Build of configuration Debug for project ESP32_STM32_Cmmn ****
make -j8 all 
arm-none-eabi-gcc "../Core/Src/main.c" -mcpu=cortex-m4 -std=gnu11 -g3 -DDEBUG -DUSE_HAL_DRIVER -DSTM32F303xE -c -I../Core/Inc -I../Drivers/STM32F3xx_HAL_Driver/Inc/Legacy -I../Drivers/STM32F3xx_HAL_Driver/Inc -I../Drivers/CMSIS/Device/ST/STM32F3xx/Include -I../Drivers/CMSIS/Include -O0 -ffunction-sections -fdata-sections -Wall -fstack-usage -fcyclomatic-complexity -MMD -MP -MF"Core/Src/main.d" -MT"Core/Src/main.o" --specs=nano.specs -mfpu=fpv4-sp-d16 -mfloat-abi=hard -mthumb -o "Core/Src/main.o"
arm-none-eabi-gcc -o "ESP32_STM32_Cmmn.elf" @"objects.list"   -mcpu=cortex-m4 -T"D:\STM32CubeIDE\workspace_1.18.1\ESP32_STM32_Cmmn\STM32F303RETX_FLASH.ld" --specs=nosys.specs -Wl,-Map="ESP32_STM32_Cmmn.map" -Wl,--gc-sections -static --specs=nano.specs -mfpu=fpv4-sp-d16 -mfloat-abi=hard -mthumb -Wl,--start-group -lc -lm -Wl,--end-group
Finished building target: ESP32_STM32_Cmmn.elf
 
arm-none-eabi-size  ESP32_STM32_Cmmn.elf 
arm-none-eabi-objdump -h -S ESP32_STM32_Cmmn.elf  > "ESP32_STM32_Cmmn.list"
   text	   data	    bss	    dec	    hex	filename
  14288	     12	   1844	  16144	   3f10	ESP32_STM32_Cmmn.elf
Finished building: default.size.stdout
 
Finished building: ESP32_STM32_Cmmn.list
 

07:30:41 Build Finished. 0 errors, 0 warnings. (took 9s.243ms)

