21:13:19 **** Incremental Build of configuration Debug for project flying_fish ****
make -j8 all 
arm-none-eabi-gcc "../Core/Src/main.c" -mcpu=cortex-m4 -std=gnu11 -g3 -DDEBUG -DUSE_HAL_DRIVER -DSTM32F303xE -c -I../Core/Inc -I../Drivers/STM32F3xx_HAL_Driver/Inc -I../Drivers/STM32F3xx_HAL_Driver/Inc/Legacy -I../Drivers/CMSIS/Device/ST/STM32F3xx/Include -I../Drivers/CMSIS/Include -O0 -ffunction-sections -fdata-sections -Wall -fstack-usage -fcyclomatic-complexity -MMD -MP -MF"Core/Src/main.d" -MT"Core/Src/main.o" --specs=nano.specs -mfpu=fpv4-sp-d16 -mfloat-abi=hard -mthumb -o "Core/Src/main.o"
../Core/Src/main.c: In function 'main':
../Core/Src/main.c:19:10: warning: unused variable 'buffer' [-Wunused-variable]
   19 |     char buffer[50];
      |          ^~~~~~
arm-none-eabi-gcc -o "flying_fish.elf" @"objects.list"   -mcpu=cortex-m4 -T"D:\STM32CubeIDE\workspace_1.18.1\flying_fish\STM32F303RETX_FLASH.ld" --specs=nosys.specs -Wl,-Map="flying_fish.map" -Wl,--gc-sections -static --specs=nano.specs -mfpu=fpv4-sp-d16 -mfloat-abi=hard -mthumb -Wl,--start-group -lc -lm -Wl,--end-group
Finished building target: flying_fish.elf
 
arm-none-eabi-size  flying_fish.elf 
arm-none-eabi-objdump -h -S flying_fish.elf  > "flying_fish.list"
   text	   data	    bss	    dec	    hex	filename
  10864	     12	   1708	  12584	   3128	flying_fish.elf
Finished building: default.size.stdout
 
Finished building: flying_fish.list
 

21:13:20 Build Finished. 0 errors, 1 warnings. (took 984ms)

