13:17:43 **** Incremental Build of configuration Debug for project GPIO_Remote_control ****
make -j8 all 
arm-none-eabi-gcc "../Core/Src/main.c" -mcpu=cortex-m4 -std=gnu11 -g3 -DDEBUG -DUSE_HAL_DRIVER -DSTM32F303xE -c -I../Core/Inc -I../Drivers/STM32F3xx_HAL_Driver/Inc/Legacy -I../Drivers/STM32F3xx_HAL_Driver/Inc -I../Drivers/CMSIS/Device/ST/STM32F3xx/Include -I../Drivers/CMSIS/Include -O0 -ffunction-sections -fdata-sections -Wall -fstack-usage -fcyclomatic-complexity -MMD -MP -MF"Core/Src/main.d" -MT"Core/Src/main.o" --specs=nano.specs -mfpu=fpv4-sp-d16 -mfloat-abi=hard -mthumb -o "Core/Src/main.o"
arm-none-eabi-gcc -o "GPIO_Remote_control.elf" @"objects.list"   -mcpu=cortex-m4 -T"D:\STM32CubeIDE\workspace_1.18.1\GPIO_Remote_control\STM32F303RETX_FLASH.ld" --specs=nosys.specs -Wl,-Map="GPIO_Remote_control.map" -Wl,--gc-sections -static --specs=nano.specs -mfpu=fpv4-sp-d16 -mfloat-abi=hard -mthumb -Wl,--start-group -lc -lm -Wl,--end-group
Finished building target: GPIO_Remote_control.elf
 
arm-none-eabi-size  GPIO_Remote_control.elf 
arm-none-eabi-objdump -h -S GPIO_Remote_control.elf  > "GPIO_Remote_control.list"
   text	   data	    bss	    dec	    hex	filename
  15720	     12	   1732	  17464	   4438	GPIO_Remote_control.elf
Finished building: default.size.stdout
 
Finished building: GPIO_Remote_control.list
 

13:17:44 Build Finished. 0 errors, 0 warnings. (took 1s.592ms)

