00:37:34 **** Incremental Build of configuration Debug for project Toggle_button_LED ****
make -j8 all 
arm-none-eabi-gcc "../Core/Src/main.c" -mcpu=cortex-m4 -std=gnu11 -g3 -DDEBUG -DUSE_HAL_DRIVER -DSTM32F303xE -c -I../Core/Inc -I../Drivers/STM32F3xx_HAL_Driver/Inc/Legacy -I../Drivers/STM32F3xx_HAL_Driver/Inc -I../Drivers/CMSIS/Device/ST/STM32F3xx/Include -I../Drivers/CMSIS/Include -O0 -ffunction-sections -fdata-sections -Wall -fstack-usage -fcyclomatic-complexity -MMD -MP -MF"Core/Src/main.d" -MT"Core/Src/main.o" --specs=nano.specs -mfpu=fpv4-sp-d16 -mfloat-abi=hard -mthumb -o "Core/Src/main.o"
arm-none-eabi-gcc -o "Toggle_button_LED.elf" @"objects.list"   -mcpu=cortex-m4 -T"D:\STM32CubeIDE\workspace_1.18.1\Toggle_button_LED\STM32F303RETX_FLASH.ld" --specs=nosys.specs -Wl,-Map="Toggle_button_LED.map" -Wl,--gc-sections -static --specs=nano.specs -mfpu=fpv4-sp-d16 -mfloat-abi=hard -mthumb -Wl,--start-group -lc -lm -Wl,--end-group
Finished building target: Toggle_button_LED.elf
 
arm-none-eabi-size  Toggle_button_LED.elf 
arm-none-eabi-objdump -h -S Toggle_button_LED.elf  > "Toggle_button_LED.list"
   text	   data	    bss	    dec	    hex	filename
   8088	     12	   1572	   9672	   25c8	Toggle_button_LED.elf
Finished building: default.size.stdout
 
Finished building: Toggle_button_LED.list
 

00:37:36 Build Finished. 0 errors, 0 warnings. (took 2s.778ms)

