12:33:41 **** Incremental Build of configuration Debug for project Web_Control_GPIO ****
make -j8 all 
arm-none-eabi-gcc "../Core/Src/main.c" -mcpu=cortex-m4 -std=gnu11 -g3 -DDEBUG -DUSE_HAL_DRIVER -DSTM32F303xE -c -I../Core/Inc -I../Drivers/STM32F3xx_HAL_Driver/Inc/Legacy -I../Drivers/STM32F3xx_HAL_Driver/Inc -I../Drivers/CMSIS/Device/ST/STM32F3xx/Include -I../Drivers/CMSIS/Include -O0 -ffunction-sections -fdata-sections -Wall -fstack-usage -fcyclomatic-complexity -MMD -MP -MF"Core/Src/main.d" -MT"Core/Src/main.o" --specs=nano.specs -mfpu=fpv4-sp-d16 -mfloat-abi=hard -mthumb -o "Core/Src/main.o"
arm-none-eabi-gcc -o "Web_Control_GPIO.elf" @"objects.list"   -mcpu=cortex-m4 -T"D:\STM32CubeIDE\workspace_1.18.1\Web_Control_GPIO\STM32F303RETX_FLASH.ld" --specs=nosys.specs -Wl,-Map="Web_Control_GPIO.map" -Wl,--gc-sections -static --specs=nano.specs -mfpu=fpv4-sp-d16 -mfloat-abi=hard -mthumb -Wl,--start-group -lc -lm -Wl,--end-group
Finished building target: Web_Control_GPIO.elf
 
arm-none-eabi-size  Web_Control_GPIO.elf 
arm-none-eabi-objdump -h -S Web_Control_GPIO.elf  > "Web_Control_GPIO.list"
   text	   data	    bss	    dec	    hex	filename
  13772	     12	   1732	  15516	   3c9c	Web_Control_GPIO.elf
Finished building: default.size.stdout
 
Finished building: Web_Control_GPIO.list
 

12:33:42 Build Finished. 0 errors, 0 warnings. (took 1s.416ms)

